19-Jul-2026 19:04:13.912 INFO [main] org.apache.catalina.startup.VersionLoggerListener.log Server version name:   Apache Tomcat/10.1.57
19-Jul-2026 19:04:13.938 INFO [main] org.apache.catalina.startup.VersionLoggerListener.log Server built:          Jul 3 2026 13:06:05 UTC
19-Jul-2026 19:04:13.939 INFO [main] org.apache.catalina.startup.VersionLoggerListener.log Server version number: 10.1.57.0
19-Jul-2026 19:04:13.939 INFO [main] org.apache.catalina.startup.VersionLoggerListener.log OS Name:               Windows 11
19-Jul-2026 19:04:13.939 INFO [main] org.apache.catalina.startup.VersionLoggerListener.log OS Version:            10.0
19-Jul-2026 19:04:13.939 INFO [main] org.apache.catalina.startup.VersionLoggerListener.log Architecture:          amd64
19-Jul-2026 19:04:13.940 INFO [main] org.apache.catalina.startup.VersionLoggerListener.log Java Home:             C:\Program Files\Java\jdk-25
19-Jul-2026 19:04:13.940 INFO [main] org.apache.catalina.startup.VersionLoggerListener.log JVM Version:           25+37-LTS-3491
19-Jul-2026 19:04:13.940 INFO [main] org.apache.catalina.startup.VersionLoggerListener.log JVM Vendor:            Oracle Corporation
19-Jul-2026 19:04:13.940 INFO [main] org.apache.catalina.startup.VersionLoggerListener.log CATALINA_BASE:         C:\Users\prach\OneDrive\SringBoot_learn\apache-tomcat-10.1.57
19-Jul-2026 19:04:13.941 INFO [main] org.apache.catalina.startup.VersionLoggerListener.log CATALINA_HOME:         C:\Users\prach\OneDrive\SringBoot_learn\apache-tomcat-10.1.57
19-Jul-2026 19:04:13.991 INFO [main] org.apache.catalina.startup.VersionLoggerListener.log Command line argument: -Djava.util.logging.config.file=C:\Users\prach\OneDrive\SringBoot_learn\apache-tomcat-10.1.57\conf\logging.properties
19-Jul-2026 19:04:13.991 INFO [main] org.apache.catalina.startup.VersionLoggerListener.log Command line argument: -Djava.util.logging.manager=org.apache.juli.ClassLoaderLogManager
19-Jul-2026 19:04:13.991 INFO [main] org.apache.catalina.startup.VersionLoggerListener.log Command line argument: -Djdk.tls.ephemeralDHKeySize=2048
19-Jul-2026 19:04:13.991 INFO [main] org.apache.catalina.startup.VersionLoggerListener.log Command line argument: -Djava.protocol.handler.pkgs=org.apache.catalina.webresources
19-Jul-2026 19:04:13.991 INFO [main] org.apache.catalina.startup.VersionLoggerListener.log Command line argument: -Dsun.io.useCanonCaches=false
19-Jul-2026 19:04:13.991 INFO [main] org.apache.catalina.startup.VersionLoggerListener.log Command line argument: --add-opens=java.base/java.lang=ALL-UNNAMED
19-Jul-2026 19:04:13.991 INFO [main] org.apache.catalina.startup.VersionLoggerListener.log Command line argument: --add-opens=java.base/java.lang.reflect=ALL-UNNAMED
19-Jul-2026 19:04:13.992 INFO [main] org.apache.catalina.startup.VersionLoggerListener.log Command line argument: --add-opens=java.base/java.io=ALL-UNNAMED
19-Jul-2026 19:04:13.992 INFO [main] org.apache.catalina.startup.VersionLoggerListener.log Command line argument: --add-opens=java.base/java.util=ALL-UNNAMED
19-Jul-2026 19:04:13.992 INFO [main] org.apache.catalina.startup.VersionLoggerListener.log Command line argument: --add-opens=java.base/java.util.concurrent=ALL-UNNAMED
19-Jul-2026 19:04:13.992 INFO [main] org.apache.catalina.startup.VersionLoggerListener.log Command line argument: --add-opens=java.rmi/sun.rmi.transport=ALL-UNNAMED
19-Jul-2026 19:04:13.992 INFO [main] org.apache.catalina.startup.VersionLoggerListener.log Command line argument: -Dcatalina.base=C:\Users\prach\OneDrive\SringBoot_learn\apache-tomcat-10.1.57
19-Jul-2026 19:04:13.992 INFO [main] org.apache.catalina.startup.VersionLoggerListener.log Command line argument: -Dcatalina.home=C:\Users\prach\OneDrive\SringBoot_learn\apache-tomcat-10.1.57
19-Jul-2026 19:04:13.992 INFO [main] org.apache.catalina.startup.VersionLoggerListener.log Command line argument: -Djava.io.tmpdir=C:\Users\prach\OneDrive\SringBoot_learn\apache-tomcat-10.1.57\temp
19-Jul-2026 19:04:14.109 INFO [main] org.apache.catalina.core.AprLifecycleListener.lifecycleEvent The Apache Tomcat Native library which allows using OpenSSL was not found on the java.library.path: [C:\Program Files\Java\jdk-25\bin;C:\WINDOWS\Sun\Java\bin;C:\WINDOWS\system32;C:\WINDOWS;C:\Program Files\Common Files\Oracle\Java\javapath;C:\Program Files\Python312\Scripts\;C:\Program Files\Python312\;C:\WINDOWS\system32;C:\WINDOWS;C:\WINDOWS\System32\Wbem;C:\WINDOWS\System32\WindowsPowerShell\v1.0\;C:\WINDOWS\System32\OpenSSH\;C:\Program Files\dotnet\;C:\Program Files\nodejs\;C:\Users\prach\AppData\Roaming\npm;C:\Program Files\Git\cmd;C:\apache-maven-3.9.16\bin;C:\Program Files\Java\jdk-25\bin;C:\Program Files\MySQL\MySQL Shell 8.0\bin\;C:\Users\prach\AppData\Local\Microsoft\WindowsApps;C:\Users\prach\AppData\Local\Programs\Microsoft VS Code\bin;C:\MinGW\bin;C:\Users\prach\AppData\Roaming\npm;C:\Program Files\JetBrains\IntelliJ IDEA Community Edition 2025.2.1\bin;.]
19-Jul-2026 19:04:14.525 INFO [main] org.apache.coyote.AbstractProtocol.init Initializing ProtocolHandler ["http-nio-8080"]
19-Jul-2026 19:04:14.572 INFO [main] org.apache.catalina.startup.Catalina.load Server initialization in [978] milliseconds
19-Jul-2026 19:04:14.629 INFO [main] org.apache.catalina.core.StandardService.startInternal Starting service [Catalina]
19-Jul-2026 19:04:14.629 INFO [main] org.apache.catalina.core.StandardEngine.startInternal Starting Servlet engine: [Apache Tomcat/10.1.57]
19-Jul-2026 19:04:14.646 INFO [main] org.apache.catalina.startup.HostConfig.deployDirectory Deploying web application directory [C:\Users\prach\OneDrive\SringBoot_learn\apache-tomcat-10.1.57\webapps\docs]
19-Jul-2026 19:04:15.017 INFO [main] org.apache.catalina.startup.HostConfig.deployDirectory Deployment of web application directory [C:\Users\prach\OneDrive\SringBoot_learn\apache-tomcat-10.1.57\webapps\docs] has finished in [369] ms
19-Jul-2026 19:04:15.018 INFO [main] org.apache.catalina.startup.HostConfig.deployDirectory Deploying web application directory [C:\Users\prach\OneDrive\SringBoot_learn\apache-tomcat-10.1.57\webapps\examples]
19-Jul-2026 19:04:15.616 INFO [main] org.apache.catalina.startup.HostConfig.deployDirectory Deployment of web application directory [C:\Users\prach\OneDrive\SringBoot_learn\apache-tomcat-10.1.57\webapps\examples] has finished in [598] ms
19-Jul-2026 19:04:15.617 INFO [main] org.apache.catalina.startup.HostConfig.deployDirectory Deploying web application directory [C:\Users\prach\OneDrive\SringBoot_learn\apache-tomcat-10.1.57\webapps\host-manager]
19-Jul-2026 19:04:15.667 INFO [main] org.apache.catalina.startup.HostConfig.deployDirectory Deployment of web application directory [C:\Users\prach\OneDrive\SringBoot_learn\apache-tomcat-10.1.57\webapps\host-manager] has finished in [50] ms
19-Jul-2026 19:04:15.668 INFO [main] org.apache.catalina.startup.HostConfig.deployDirectory Deploying web application directory [C:\Users\prach\OneDrive\SringBoot_learn\apache-tomcat-10.1.57\webapps\manager]
19-Jul-2026 19:04:15.710 INFO [main] org.apache.catalina.startup.HostConfig.deployDirectory Deployment of web application directory [C:\Users\prach\OneDrive\SringBoot_learn\apache-tomcat-10.1.57\webapps\manager] has finished in [42] ms
19-Jul-2026 19:04:15.710 INFO [main] org.apache.catalina.startup.HostConfig.deployDirectory Deploying web application directory [C:\Users\prach\OneDrive\SringBoot_learn\apache-tomcat-10.1.57\webapps\ROOT]
19-Jul-2026 19:04:15.735 INFO [main] org.apache.catalina.startup.HostConfig.deployDirectory Deployment of web application directory [C:\Users\prach\OneDrive\SringBoot_learn\apache-tomcat-10.1.57\webapps\ROOT] has finished in [25] ms
19-Jul-2026 19:04:15.740 INFO [main] org.apache.coyote.AbstractProtocol.start Starting ProtocolHandler ["http-nio-8080"]
19-Jul-2026 19:04:15.790 INFO [main] org.apache.catalina.startup.Catalina.start Server startup in [1214] milliseconds
